[themewagon.github.io/kaiadmin-lite/tables/datatables.html]
[backblue.gif]
[fade.gif]
[index.html]
[themewagon.github.io/kaiadmin-lite/assets/js/plugin/webfont/webfont.min.js]
[themewagon.github.io/kaiadmin-lite/assets/css/bootstrap.min.css]
[themewagon.github.io/kaiadmin-lite/assets/css/plugins.min.css]
[themewagon.github.io/kaiadmin-lite/assets/css/kaiadmin.min.css]
[themewagon.github.io/kaiadmin-lite/assets/css/demo.css]
[themewagon.github.io/kaiadmin-lite/tables/tables.html]
[themewagon.github.io/kaiadmin-lite/assets/img/jm_denis.jpg]
[themewagon.github.io/kaiadmin-lite/assets/img/chadengle.jpg]
[themewagon.github.io/kaiadmin-lite/assets/img/mlane.jpg]
[themewagon.github.io/kaiadmin-lite/assets/img/talha.jpg]
[themewagon.github.io/kaiadmin-lite/assets/img/profile2.jpg]
[themewagon.github.io/kaiadmin-lite/assets/img/profile.jpg]
[themewagon.github.io/kaiadmin-lite/tables/profile.html]
[themewagon.github.io/kaiadmin-lite/assets/js/core/jquery-3.7.1.min.js]
[themewagon.github.io/kaiadmin-lite/assets/js/core/popper.min.js]
[themewagon.github.io/kaiadmin-lite/assets/js/core/bootstrap.min.js]
[themewagon.github.io/kaiadmin-lite/assets/js/plugin/jquery-scrollbar/jquery.scrollbar.min.js]
[themewagon.github.io/kaiadmin-lite/assets/js/plugin/datatables/datatables.min.js]
[themewagon.github.io/kaiadmin-lite/assets/js/kaiadmin.min.js]
[themewagon.github.io/kaiadmin-lite/assets/js/setting-demo2.js]
[themewagon.github.io/kaiadmin-lite/tables/datatables.html]
[themewagon.github.io/kaiadmin-lite/assets/css/bootstrap.min.css]
[themewagon.github.io/kaiadmin-lite/assets/css/owl.video.play.png]
[themewagon.github.io/kaiadmin-lite/assets/css/plugins.min.css]
[themewagon.github.io/kaiadmin-lite/assets/img/img-shadow.png]
[themewagon.github.io/kaiadmin-lite/assets/img/bg-404.jpg]
[themewagon.github.io/kaiadmin-lite/assets/css/kaiadmin.min.css]
[themewagon.github.io/kaiadmin-lite/assets/css/demo.css]
[themewagon.github.io/kaiadmin-lite/tables/index.html]
[themewagon.github.io/kaiadmin-lite/tables/tables.html]
[themewagon.github.io/kaiadmin-lite/tables/profile.html]
[themewagon.github.io/kaiadmin-lite/assets/css/owl.video.play.html]
[themewagon.github.io/kaiadmin-lite/tables/index.html]
